LTspice 26.0.2 for Windows
Circuit: C:\Users\revel\Downloads\Circuit Contest\Circuit Contest\cmos180nm.net
Start Time: Sat May 30 19:06:56 2026
C:\Users\revel\Downloads\Circuit Contest\Circuit Contest\cmos180nm.lib(6): Ignoring unknown model parameter. This may or may not be a problem.
+ version=4.0 tox=4e-9 toxe=4e-9 toxp=3e-9 toxm=4e-9
              ^^^^^^^^^
C:\Users\revel\Downloads\Circuit Contest\Circuit Contest\cmos180nm.lib(32): Ignoring unknown model parameter. This may or may not be a problem.
+ clc=1e-7 cle=0.6 cf=0.0 stcond=1.0 noff=1.0
                          ^^^^^^^^^^^
C:\Users\revel\Downloads\Circuit Contest\Circuit Contest\cmos180nm.lib(35): Ignoring unknown model parameter. This may or may not be a problem.
+ version=4.0 tox=4e-9 toxe=4e-9 toxp=3e-9 toxm=4e-9
              ^^^^^^^^^
C:\Users\revel\Downloads\Circuit Contest\Circuit Contest\cmos180nm.lib(61): Ignoring unknown model parameter. This may or may not be a problem.
+ clc=1e-7 cle=0.6 cf=0.0 stcond=1.0 noff=1.0
                          ^^^^^^^^^^^
solver = Normal
Maximum thread count: 4
tnom = 27
temp = 27
method = trap
Direct Newton iteration succeeded in finding operating point.
Total elapsed time: 0.212 seconds.

Files loaded:
C:\Users\revel\Downloads\Circuit Contest\Circuit Contest\cmos180nm.net
C:\Users\revel\AppData\Local\LTspice\lib\cmp\standard.mos
C:\Users\revel\Downloads\Circuit Contest\Circuit Contest\cmos180nm.lib

